-----------------------------------------------------テストOK-----------------------------------------------------------

[リダイレクト]
echo aaa > test.txt: OK
echo -n aaa >outfile: OK
echo a > test1 b: OK
echo c > test2 "d    ef": OK
echo > >: OK(syntax error)
cat test1 > test3 test2: OK
cat test1 > test3 > test2:0K
cat test1 < test3 test2: OK
cat < test3 test2: OK
<< HERE a b: OK
・エッジケース1:OK
> test
< test
>> test
<< test
・エッジケース2:OK
f3のみにabcが記述される。
> f0 echo > f1 > f2 > f3 abc
・エッジケース3:OK
echo aaa > $NON_EXIST
-------------------------------------------------------テストNG----------------------------------------------------------------

[builtinコマンド単体]

・export エッジケース3:NG
既存の環境変数のみが入ってきたとき、本家では何も表示せず上書きするが、minishellではcommand not foundと表示される
bash-3.2$ export TEST="TEST=aaaa"
bash-3.2$ env | grep TEST
TEST=TEST=aaaa
bash-3.2$ TEST=aaaa
bash-3.2$ env | grep TEST
TEST=aaaa

[パイプ]:一応置いとく
・エッジケース:NG
パイプ内でexit → $?にexitの値が入るはずが、minishellではenvが実行される
bash-3.2$ echo $? | exit 42 ; echo $?
42
